// Jest Snapshot v1, https://goo.gl/fbAQLP

exports[`View Component: PeopleTable should render by default 1`] = `
<DocumentFragment>
  <div
    class="ant-row ant-row-center"
  >
    <div
      class="ant-col column_container"
    >
      <div
        class="ant-skeleton ant-skeleton-active skeleton"
      >
        <div
          class="ant-skeleton-content"
        >
          <h3
            class="ant-skeleton-title"
            style="width: 200px;"
          />
          <ul
            class="ant-skeleton-paragraph"
          >
            <li />
            <li />
            <li />
            <li />
            <li />
            <li />
            <li />
            <li />
            <li />
            <li
              style="width: 100%;"
            />
          </ul>
        </div>
      </div>
    </div>
  </div>
</DocumentFragment>
`;

exports[`View Component: PeopleTable should render with correct store data 1`] = `
<DocumentFragment>
  <div
    class="ant-row ant-row-center"
  >
    <div
      class="ant-col column_container"
    >
      <div
        class="ant-skeleton ant-skeleton-active skeleton"
      >
        <div
          class="ant-skeleton-content"
        >
          <h3
            class="ant-skeleton-title"
            style="width: 200px;"
          />
          <ul
            class="ant-skeleton-paragraph"
          >
            <li />
            <li />
            <li />
            <li />
            <li />
            <li />
            <li />
            <li />
            <li />
            <li
              style="width: 100%;"
            />
          </ul>
        </div>
      </div>
    </div>
  </div>
</DocumentFragment>
`;
